{"type":"server-started","port":56300,"host":"127.0.0.1","url_host":"localhost","url":"http://localhost:56300","screen_dir":"/Users/ronen/Desktop/dev/personal/threadbase/mobile/.superpowers/brainstorm/3930-1776968245/content","state_dir":"/Users/ronen/Desktop/dev/personal/threadbase/mobile/.superpowers/brainstorm/3930-1776968245/state"}
{"type":"screen-added","file":"/Users/ronen/Desktop/dev/personal/threadbase/mobile/.superpowers/brainstorm/3930-1776968245/content/animation-approaches.html"}
{"source":"user-event","type":"click","text":"threadbase\n            \n          \n        \n        \n        \n          A: Sequential Draw-In\n          \n            Entrance: Vertical timeline draws down, then each thread line draws left-to-right in sequence with its node popping in. Glow effects trail behind each line.\n          \n          \n            Hold: Brief pulse/shimmer across all lines.\n          \n          \n            Exit: All lines collapse upward into a single glowing bar at top, which fades as app appears.\n          \n          \n            Recommended\n            \n              ProsMost faithful to the icon's identitySequential timing feels like code executingNatural build-up creates anticipation\n              ConsMost complex to implementNeeds careful timing tuning","choice":"a","id":null,"timestamp":1776968660386}
{"source":"user-event","type":"click","text":"threadbase\n            \n          \n        \n        \n        \n          A: Sequential Draw-In\n          \n            Entrance: Vertical timeline draws down, then each thread line draws left-to-right in sequence with its node popping in. Glow effects trail behind each line.\n          \n          \n            Hold: Brief pulse/shimmer across all lines.\n          \n          \n            Exit: All lines collapse upward into a single glowing bar at top, which fades as app appears.\n          \n          \n            Recommended\n            \n              ProsMost faithful to the icon's identitySequential timing feels like code executingNatural build-up creates anticipation\n              ConsMost complex to implementNeeds careful timing tuning","choice":"a","id":null,"timestamp":1776968661510}
{"source":"user-event","type":"click","text":"threadbase\n            \n          \n        \n        \n        \n          A: Sequential Draw-In\n          \n            Entrance: Vertical timeline draws down, then each thread line draws left-to-right in sequence with its node popping in. Glow effects trail behind each line.\n          \n          \n            Hold: Brief pulse/shimmer across all lines.\n          \n          \n            Exit: All lines collapse upward into a single glowing bar at top, which fades as app appears.\n          \n          \n            Recommended\n            \n              ProsMost faithful to the icon's identitySequential timing feels like code executingNatural build-up creates anticipation\n              ConsMost complex to implementNeeds careful timing tuning","choice":"a","id":null,"timestamp":1776968688843}
{"source":"user-event","type":"click","text":"threadbase\n            \n          \n        \n        \n        \n          A: Sequential Draw-In\n          \n            Entrance: Vertical timeline draws down, then each thread line draws left-to-right in sequence with its node popping in. Glow effects trail behind each line.\n          \n          \n            Hold: Brief pulse/shimmer across all lines.\n          \n          \n            Exit: All lines collapse upward into a single glowing bar at top, which fades as app appears.\n          \n          \n            Recommended\n            \n              ProsMost faithful to the icon's identitySequential timing feels like code executingNatural build-up creates anticipation\n              ConsMost complex to implementNeeds careful timing tuning","choice":"a","id":null,"timestamp":1776968689770}
{"source":"user-event","type":"click","text":"threadbase\n            \n          \n        \n        \n        \n          B: Terminal Typewriter\n          \n            Entrance: A blinking cursor moves down, each thread line \"types in\" as the cursor passes — like code being written in a terminal.\n          \n          \n            Hold: Cursor blinks at the end of the last line.\n          \n          \n            Exit: Lines compress upward into a loading bar, cursor becomes the bar's leading edge.\n          \n          \n            \n              ProsStrong terminal/developer metaphorSimple animation sequenceCursor adds personality\n              ConsLess faithful to the actual icon designMay feel gimmicky on repeat views","choice":"b","id":null,"timestamp":1776968690823}
{"type":"screen-added","file":"/Users/ronen/Desktop/dev/personal/threadbase/mobile/.superpowers/brainstorm/3930-1776968245/content/animation-approaches-backup.html"}
{"type":"screen-added","file":"/Users/ronen/Desktop/dev/personal/threadbase/mobile/.superpowers/brainstorm/3930-1776968245/content/approach-a-revised.html"}
{"type":"screen-added","file":"/Users/ronen/Desktop/dev/personal/threadbase/mobile/.superpowers/brainstorm/3930-1776968245/content/approach-a-slower.html"}
{"type":"screen-updated","file":"/Users/ronen/Desktop/dev/personal/threadbase/mobile/.superpowers/brainstorm/3930-1776968245/content/approach-a-slower.html"}
{"type":"screen-added","file":"/Users/ronen/Desktop/dev/personal/threadbase/mobile/.superpowers/brainstorm/3930-1776968245/content/approach-a-slower-v2.html"}
{"type":"screen-updated","file":"/Users/ronen/Desktop/dev/personal/threadbase/mobile/.superpowers/brainstorm/3930-1776968245/content/approach-a-slower.html"}
{"type":"screen-updated","file":"/Users/ronen/Desktop/dev/personal/threadbase/mobile/.superpowers/brainstorm/3930-1776968245/content/approach-a-slower-v2.html"}
{"type":"screen-updated","file":"/Users/ronen/Desktop/dev/personal/threadbase/mobile/.superpowers/brainstorm/3930-1776968245/content/approach-a-slower-v2.html"}
{"type":"screen-updated","file":"/Users/ronen/Desktop/dev/personal/threadbase/mobile/.superpowers/brainstorm/3930-1776968245/content/approach-a-slower-v2.html"}
{"type":"screen-updated","file":"/Users/ronen/Desktop/dev/personal/threadbase/mobile/.superpowers/brainstorm/3930-1776968245/content/approach-a-slower-v2.html"}
{"type":"screen-updated","file":"/Users/ronen/Desktop/dev/personal/threadbase/mobile/.superpowers/brainstorm/3930-1776968245/content/approach-a-slower-v2.html"}
{"type":"screen-updated","file":"/Users/ronen/Desktop/dev/personal/threadbase/mobile/.superpowers/brainstorm/3930-1776968245/content/approach-a-slower-v2.html"}
{"type":"screen-updated","file":"/Users/ronen/Desktop/dev/personal/threadbase/mobile/.superpowers/brainstorm/3930-1776968245/content/approach-a-slower-v2.html"}
{"type":"screen-added","file":"/Users/ronen/Desktop/dev/personal/threadbase/mobile/.superpowers/brainstorm/3930-1776968245/content/approach-a-slower-v3.html"}
{"type":"screen-updated","file":"/Users/ronen/Desktop/dev/personal/threadbase/mobile/.superpowers/brainstorm/3930-1776968245/content/approach-a-slower-v3.html"}
{"type":"screen-updated","file":"/Users/ronen/Desktop/dev/personal/threadbase/mobile/.superpowers/brainstorm/3930-1776968245/content/approach-a-slower-v3.html"}
{"type":"screen-added","file":"/Users/ronen/Desktop/dev/personal/threadbase/mobile/.superpowers/brainstorm/3930-1776968245/content/approach-a-slower-v4.html"}
{"type":"screen-updated","file":"/Users/ronen/Desktop/dev/personal/threadbase/mobile/.superpowers/brainstorm/3930-1776968245/content/approach-a-slower-v4.html"}
{"type":"screen-added","file":"/Users/ronen/Desktop/dev/personal/threadbase/mobile/.superpowers/brainstorm/3930-1776968245/content/approach-a-slower-v5.html"}
{"type":"screen-added","file":"/Users/ronen/Desktop/dev/personal/threadbase/mobile/.superpowers/brainstorm/3930-1776968245/content/waiting.html"}
{"type":"server-stopped","reason":"idle timeout"}
